// Jest Snapshot v1, https://jestjs.io/docs/snapshot-testing

exports[`getAdminPanelSection() When the user is admin Should return the admin section of the home page 1`] = `
[
  {
    "text": {
      "text": "*My team: (for admins only)*
Balance to be redeemed: R$ undefined
Balance redeemed this month: R$ undefined
Total redeemed: R$ undefined",
      "type": "mrkdwn",
    },
    "type": "section",
  },
  {
    "elements": [
      {
        "action_id": "app_settings",
        "text": {
          "emoji": true,
          "text": "Settings",
          "type": "plain_text",
        },
        "type": "button",
        "value": "origin=home",
      },
      {
        "action_id": "open_prizes_report_modal",
        "text": {
          "emoji": true,
          "text": "Prizes report",
          "type": "plain_text",
        },
        "type": "button",
      },
      {
        "action_id": "open_wallet_report",
        "text": {
          "emoji": true,
          "text": "Wallet report",
          "type": "plain_text",
        },
        "type": "button",
      },
    ],
    "type": "actions",
  },
  {
    "type": "divider",
  },
]
`;
