// Jest Snapshot v1, https://goo.gl/fbAQLP

exports[`getUserBalanceSection() Should return the user balance section 1`] = `
[
  {
    "text": {
      "text": ":trophy: <@U12345>, your prizes balance :trophy:
      *Recognitions*: 25
      *Balance*: R$ 550",
      "type": "mrkdwn",
    },
    "type": "section",
  },
  {
    "elements": [
      {
        "action_id": "redeem_button",
        "text": {
          "emoji": true,
          "text": "Redeem",
          "type": "plain_text",
        },
        "type": "button",
        "value": "open,1",
      },
    ],
    "type": "actions",
  },
  {
    "type": "divider",
  },
]
`;
