// Jest Snapshot v1, https://goo.gl/fbAQLP

exports[`openKudosView should call client.views.open with the correct payload 1`] = `
{
  "blocks": [
    {
      "block_id": "to_id_block",
      "element": {
        "action_id": "to_id",
        "focus_on_load": true,
        "placeholder": {
          "emoji": false,
          "text": "Select users",
          "type": "plain_text",
        },
        "type": "multi_users_select",
      },
      "label": {
        "emoji": true,
        "text": "Select the colleagues who deserved a kudos",
        "type": "plain_text",
      },
      "type": "input",
    },
    {
      "block_id": "kudo_message_block",
      "element": {
        "action_id": "kudo_message",
        "multiline": true,
        "type": "plain_text_input",
      },
      "label": {
        "text": "What would you like to say?",
        "type": "plain_text",
      },
      "type": "input",
    },
  ],
  "callback_id": "give_kudos_view",
  "submit": {
    "text": "Share",
    "type": "plain_text",
  },
  "title": {
    "text": "Give someone kudos",
    "type": "plain_text",
  },
  "type": "modal",
}
`;
